exports[`test matches snapshot 1`] = `
<div
  data-testid="video-comp-main-div">
  <video
    autoPlay={true}
    data-testid="video-comp"
    height={undefined}
    muted={true}
    width="100%">
    <source
      data-testid="video-comp-source"
      src={undefined}
      type="video/mp4" />
    Your browser does not support the video tag.
  </video>
</div>
`;
